c:\users\avers\documents\obj.-or.-pr\lab_work\lab_work\x64\debug\vc143.pdb
c:\users\avers\documents\obj.-or.-pr\lab_work\lab_work\x64\debug\vc143.idb
c:\users\avers\documents\obj.-or.-pr\lab_work\lab_work\x64\debug\medicine.obj
c:\users\avers\documents\obj.-or.-pr\lab_work\lab_work\x64\debug\main.obj
c:\users\avers\documents\obj.-or.-pr\lab_work\x64\debug\lab_work.exe
c:\users\avers\documents\obj.-or.-pr\lab_work\x64\debug\lab_work.pdb
c:\users\temp.emis.035\desktop\впбдлаы\oope\lab_work\lab_work\x64\debug\lab_work.obj
c:\users\temp.emis.035\desktop\впбдлаы\oope\lab_work\lab_work\x64\debug\main.obj
c:\users\temp.emis.035\desktop\впбдлаы\oope\lab_work\lab_work\x64\debug\medicine.obj
c:\users\temp.emis.035\desktop\впбдлаы\oope\lab_work\lab_work\x64\debug\lab_work.ilk
c:\users\temp.emis.035\desktop\впбдлаы\oope\lab_work\lab_work\x64\debug\vc143.idb
c:\users\temp.emis.035\desktop\впбдлаы\oope\lab_work\lab_work\x64\debug\vc143.pdb
c:\users\temp.emis.035\desktop\впбдлаы\oope\lab_work\x64\debug\lab_work.pdb
c:\users\temp.emis.035\desktop\впбдлаы\oope\lab_work\x64\debug\lab_work.exe
c:\users\temp.emis.035\desktop\впбдлаы\oope\lab_work\lab_work\x64\debug\lab_work.tlog\cl.command.1.tlog
c:\users\temp.emis.035\desktop\впбдлаы\oope\lab_work\lab_work\x64\debug\lab_work.tlog\cl.items.tlog
c:\users\temp.emis.035\desktop\впбдлаы\oope\lab_work\lab_work\x64\debug\lab_work.tlog\cl.read.1.tlog
c:\users\temp.emis.035\desktop\впбдлаы\oope\lab_work\lab_work\x64\debug\lab_work.tlog\cl.write.1.tlog
c:\users\temp.emis.035\desktop\впбдлаы\oope\lab_work\lab_work\x64\debug\lab_work.tlog\link.command.1.tlog
c:\users\temp.emis.035\desktop\впбдлаы\oope\lab_work\lab_work\x64\debug\lab_work.tlog\link.read.1.tlog
c:\users\temp.emis.035\desktop\впбдлаы\oope\lab_work\lab_work\x64\debug\lab_work.tlog\link.secondary.1.tlog
c:\users\temp.emis.035\desktop\впбдлаы\oope\lab_work\lab_work\x64\debug\lab_work.tlog\link.write.1.tlog
